../Core/Src/main.c:211:5:main	176	static
../Core/Src/main.c:347:6:SystemClock_Config	88	static
../Core/Src/main.c:394:13:MX_ADC1_Init	24	static
../Core/Src/main.c:445:13:MX_I2C1_Init	8	static
../Core/Src/main.c:477:13:MX_DMA_Init	16	static
../Core/Src/main.c:495:13:MX_GPIO_Init	40	static
../Core/Src/main.c:519:6:ADC_Task	24	static
../Core/Src/main.c:535:7:HighPassFilter	24	static
../Core/Src/main.c:544:6:Process_Task	40	static
../Core/Src/main.c:615:13:AnalyzeHeartRate	16	static
../Core/Src/main.c:621:6:Display_Task	96	static
../Core/Src/main.c:697:6:Monitor_Task	24	static
../Core/Src/main.c:731:10:MedianFilter	40	static
../Core/Src/main.c:754:6:CalculateHeartRate	40	static
../Core/Src/main.c:812:10:GetAveragedHeartRate	16	static
../Core/Src/main.c:826:7:CalculateHRV	32	static
../Core/Src/main.c:843:9:CheckLeadOff	16	static
../Core/Src/main.c:850:9:AssessSignalQuality	24	static
../Core/Src/main.c:876:6:StartDefaultTask	16	static
../Core/Src/main.c:890:6:Error_Handler	4	static,ignoring_inline_asm
